
  vinext build  (Vite 8.0.13)

[1/5] analyze client references...
transforming...✓ 266 modules transformed.
rendering chunks...
✓ built in 515ms
[2/5] analyze server references...
transforming...✓ 944 modules transformed.
rendering chunks...
✓ built in 907ms
[3/5] build rsc environment...
transforming...✓ 263 modules transformed.
rendering chunks...
computing gzip size...
✓ built in 628ms
[4/5] build client environment...
transforming...✓ 2740 modules transformed.
rendering chunks...
computing gzip size...
✓ built in 2.61s
[5/5] build ssr environment...
transforming...✓ 948 modules transformed.
rendering chunks...
computing gzip size...
✓ built in 1.41s

  Route (app)
  ┌ ƒ /
  ├ ƒ /:section
  ├ ? /admin
  ├ ƒ /admin/:section+
  └ λ /api/:path+

  λ API  ƒ Dynamic  ? Unknown

  ? Some routes could not be classified. vinext currently uses static analysis
    and cannot detect dynamic API usage (headers(), cookies(), etc.) at build time.
    Automatic classification will be improved in a future release.

  Build complete. Run `vinext start` to start the production server.
